// Jest Snapshot v1, https://goo.gl/fbAQLP

exports[`Faqs Container renders correctly 1`] = `ShallowWrapper {}`;
