// Jest Snapshot v1, https://goo.gl/fbAQLP

exports[`Register page test renders correctly 1`] = `ShallowWrapper {}`;
