// Jest Snapshot v1, https://goo.gl/fbAQLP

exports[`Shop Form container renders correctly 1`] = `[Function]`;
