// Jest Snapshot v1, https://goo.gl/fbAQLP

exports[`start shop render renders correctly 1`] = `ShallowWrapper {}`;
